// Jest Snapshot v1, https://goo.gl/fbAQLP

exports[`ExpenseListItemu should render expense list with given expenses 1`] = `
<div>
  <h3>
    <Link
      replace={false}
      to="/edit/1"
    >
      Gum
    </Link>
  </h3>
  <p>
    Â£195.00
    -
    1st January 1970
  </p>
</div>
`;
