// Jest Snapshot v1, https://goo.gl/fbAQLP

exports[`ExpenseList should render a message if the expense list is empty 1`] = `
<div>
  <p>
    No expenses
  </p>
</div>
`;

exports[`ExpenseList should render expense list with given expenses 1`] = `
<div>
  <ExpenseListItem
    amount={195}
    createdAt={0}
    description="Gum"
    id="1"
    key="1"
    note=""
  />
  <ExpenseListItem
    amount={109500}
    createdAt={-345600000}
    description="Rent"
    id="2"
    key="2"
    note=""
  />
  <ExpenseListItem
    amount={47117}
    createdAt={345600000}
    description="Credit Card"
    id="3"
    key="3"
    note=""
  />
</div>
`;
